%!Adobe-FontList 1.24
%Locale:0x416

%BeginFont
Handler:DirectoryHandler
FontType:Type1
FontName:CravendRegular
FamilyName:Cravend
StyleName:Regular
FullName:Cravend
MenuName:Cravend
StyleBits:0
WritingScript:Roman
OutlineFileName:D:\WorkSpace\Works\OLN\css\assets\Font\Cravend.otf
DataFormat:sfntData
UsesStandardEncoding:yes
isCFF:yes
hasSVG:no
hasCOLR:no
VariableFontType:NonVariableFont
FileLength:25944
FileModTime:1708994798
WeightClass:400
WidthClass:5
AngleClass:0
NameArray:0,Mac,4,Cravend
NameArray:0,Win,1,Cravend
%EndFont

%BeginFont
Handler:DirectoryHandler
FontType:Type1
FontName:Ethnocentric-Regular
FamilyName:Ethnocentric
StyleName:Regular
FullName:Ethnocentric Regular
MenuName:Ethnocentric
StyleBits:0
WritingScript:Roman
OutlineFileName:D:\WorkSpace\Works\OLN\css\assets\Font\Ethnocentric-Regular.otf
DataFormat:sfntData
UsesStandardEncoding:yes
isCFF:yes
hasSVG:no
hasCOLR:no
VariableFontType:NonVariableFont
FileLength:30008
FileModTime:1758250250
WeightClass:400
WidthClass:5
AngleClass:0
NameArray:0,Mac,4,Ethnocentric Regular
NameArray:0,Win,1,Ethnocentric
%EndFont

